// Jest Snapshot v1, https://goo.gl/fbAQLP

exports[`Test for UserProfile component Renders UserProfile correctly 1`] = `
Object {
  "asFragment": [Function],
  "baseElement": <body>
    <div>
      <div
        class=" py-20 flex sl:flex-col sl:justify-center sl:items-stretch min-h-screen items-center gap-8 mx-10 sm:mx-2"
      >
        <div
          class="missions w-1/2 sm:w-2/3 sl:w-full text-left mt-8 max-h-96 overflow-y-scroll"
        >
          <h2
            class="text-2xl text-center"
          >
            My Missions
          </h2>
          <span
            class="italic"
          >
            No Missions Joined, yet
          </span>
          <span>
             ðŸŽ¯ðŸ˜Š. 
          </span>
          <span
            class="italic"
          >
            Click on Missions page to join.
          </span>
        </div>
        <div
          class="rockets w-1/2 sm:w-2/3 sl:w-full text-left mt-8 max-h-96 overflow-y-scroll"
        >
          <h2
            class="text-2xl text-center"
          >
            My Rockets
          </h2>
          <span
            class="italic"
          >
            No Rockets Reserved, yet
          </span>
          <span>
             ðŸš€ðŸ˜Š. 
          </span>
          <span
            class="italic"
          >
            Click on Rockets page to reserve.
          </span>
        </div>
      </div>
    </div>
  </body>,
  "container": <div>
    <div
      class=" py-20 flex sl:flex-col sl:justify-center sl:items-stretch min-h-screen items-center gap-8 mx-10 sm:mx-2"
    >
      <div
        class="missions w-1/2 sm:w-2/3 sl:w-full text-left mt-8 max-h-96 overflow-y-scroll"
      >
        <h2
          class="text-2xl text-center"
        >
          My Missions
        </h2>
        <span
          class="italic"
        >
          No Missions Joined, yet
        </span>
        <span>
           ðŸŽ¯ðŸ˜Š. 
        </span>
        <span
          class="italic"
        >
          Click on Missions page to join.
        </span>
      </div>
      <div
        class="rockets w-1/2 sm:w-2/3 sl:w-full text-left mt-8 max-h-96 overflow-y-scroll"
      >
        <h2
          class="text-2xl text-center"
        >
          My Rockets
        </h2>
        <span
          class="italic"
        >
          No Rockets Reserved, yet
        </span>
        <span>
           ðŸš€ðŸ˜Š. 
        </span>
        <span
          class="italic"
        >
          Click on Rockets page to reserve.
        </span>
      </div>
    </div>
  </div>,
  "debug": [Function],
  "findAllByAltText": [Function],
  "findAllByDisplayValue": [Function],
  "findAllByLabelText": [Function],
  "findAllByPlaceholderText": [Function],
  "findAllByRole": [Function],
  "findAllByTestId": [Function],
  "findAllByText": [Function],
  "findAllByTitle": [Function],
  "findByAltText": [Function],
  "findByDisplayValue": [Function],
  "findByLabelText": [Function],
  "findByPlaceholderText": [Function],
  "findByRole": [Function],
  "findByTestId": [Function],
  "findByText": [Function],
  "findByTitle": [Function],
  "getAllByAltText": [Function],
  "getAllByDisplayValue": [Function],
  "getAllByLabelText": [Function],
  "getAllByPlaceholderText": [Function],
  "getAllByRole": [Function],
  "getAllByTestId": [Function],
  "getAllByText": [Function],
  "getAllByTitle": [Function],
  "getByAltText": [Function],
  "getByDisplayValue": [Function],
  "getByLabelText": [Function],
  "getByPlaceholderText": [Function],
  "getByRole": [Function],
  "getByTestId": [Function],
  "getByText": [Function],
  "getByTitle": [Function],
  "queryAllByAltText": [Function],
  "queryAllByDisplayValue": [Function],
  "queryAllByLabelText": [Function],
  "queryAllByPlaceholderText": [Function],
  "queryAllByRole": [Function],
  "queryAllByTestId": [Function],
  "queryAllByText": [Function],
  "queryAllByTitle": [Function],
  "queryByAltText": [Function],
  "queryByDisplayValue": [Function],
  "queryByLabelText": [Function],
  "queryByPlaceholderText": [Function],
  "queryByRole": [Function],
  "queryByTestId": [Function],
  "queryByText": [Function],
  "queryByTitle": [Function],
  "rerender": [Function],
  "unmount": [Function],
}
`;
